C:\Python\Lib\site-packages\pytest_asyncio\plugin.py:208: PytestDeprecationWarning: The configuration option "asyncio_default_fixture_loop_scope" is unset.
The event loop scope for asynchronous fixtures will default to the fixture caching scope. Future versions of pytest-asyncio will default the loop scope for asynchronous fixtures to function scope. Set the default fixture loop scope explicitly in order to avoid unexpected behavior in the future. Valid fixture loop scopes are: "function", "class", "module", "package", "session"

  warnings.warn(PytestDeprecationWarning(_DEFAULT_FIXTURE_LOOP_SCOPE_UNSET))
============================= test session starts =============================
platform win32 -- Python 3.11.3, pytest-8.3.3, pluggy-1.6.0
rootdir: D:\protofolo projectzzz\doc for rag
configfile: pyproject.toml
plugins: anyio-4.12.1, langsmith-0.8.5, asyncio-0.24.0, cov-5.0.0
asyncio: mode=Mode.STRICT, default_loop_scope=None
collected 123 items

tests\test_analysis.py ..................................                [ 27%]
tests\test_cli.py .......                                                [ 33%]
tests\test_ir.py ..................                                      [ 47%]
tests\test_layout.py ......................                              [ 65%]
tests\test_native_backend.py ....................                        [ 82%]
tests\test_ocr_backend.py ..............ss                               [ 95%]
tests\test_parser.py ......                                              [100%]

======================= 121 passed, 2 skipped in 24.92s =======================
