C:\Python\Lib\site-packages\pytest_asyncio\plugin.py:208: PytestDeprecationWarning: The configuration option "asyncio_default_fixture_loop_scope" is unset.
The event loop scope for asynchronous fixtures will default to the fixture caching scope. Future versions of pytest-asyncio will default the loop scope for asynchronous fixtures to function scope. Set the default fixture loop scope explicitly in order to avoid unexpected behavior in the future. Valid fixture loop scopes are: "function", "class", "module", "package", "session"

  warnings.warn(PytestDeprecationWarning(_DEFAULT_FIXTURE_LOOP_SCOPE_UNSET))
.................................FFFFFFFF............................... [ 50%]
...........................................ss........................... [100%]
================================== FAILURES ===================================
________________ TestCLIAnalysis.test_cli_info_shows_analysis _________________

self = <tests.test_analysis.TestCLIAnalysis object at 0x0000024F258C0790>
mixed_document_pdf = WindowsPath('tests/fixtures/mixed_document.pdf')

    def test_cli_info_shows_analysis(self, mixed_document_pdf):
        import subprocess
        import sys
        result = subprocess.run(
            [sys.executable, "-m", "ragparser.cli", "info", str(mixed_document_pdf)],
            capture_output=True,
            text=True,
        )
        assert result.returncode == 0
        output = result.stdout
>       assert "Classification: NATIVE" in output
E       AssertionError: assert 'Classification: NATIVE' in ''

tests\test_analysis.py:393: AssertionError
____________________________ test_cli_parse_simple ____________________________

simple_pdf = WindowsPath('tests/fixtures/simple.pdf')

    def test_cli_parse_simple(simple_pdf):
        result = subprocess.run(
            [sys.executable, "-m", "ragparser.cli", "parse", str(simple_pdf)],
            capture_output=True,
            text=True,
        )
        assert result.returncode == 0
>       data = json.loads(result.stdout)

tests\test_cli.py:16: 
_ _ _ _ _ _ _ _ _ _ _ _ _ _ _ _ _ _ _ _ _ _ _ _ _ _ _ _ _ _ _ _ _ _ _ _ _ _ _ _
C:\Python\Lib\json\__init__.py:346: in loads
    return _default_decoder.decode(s)
C:\Python\Lib\json\decoder.py:337: in decode
    obj, end = self.raw_decode(s, idx=_w(s, 0).end())
_ _ _ _ _ _ _ _ _ _ _ _ _ _ _ _ _ _ _ _ _ _ _ _ _ _ _ _ _ _ _ _ _ _ _ _ _ _ _ _

self = <json.decoder.JSONDecoder object at 0x0000024F1004D1D0>, s = '', idx = 0

    def raw_decode(self, s, idx=0):
        """Decode a JSON document from ``s`` (a ``str`` beginning with
        a JSON document) and return a 2-tuple of the Python
        representation and the index in ``s`` where the document ended.
    
        This can be used to decode a JSON document from a string that may
        have extraneous data at the end.
    
        """
        try:
            obj, end = self.scan_once(s, idx)
        except StopIteration as err:
>           raise JSONDecodeError("Expecting value", s, err.value) from None
E           json.decoder.JSONDecodeError: Expecting value: line 1 column 1 (char 0)

C:\Python\Lib\json\decoder.py:355: JSONDecodeError
__________________________ test_cli_parse_two_pages ___________________________

two_page_pdf = WindowsPath('tests/fixtures/two_pages.pdf')

    def test_cli_parse_two_pages(two_page_pdf):
        result = subprocess.run(
            [sys.executable, "-m", "ragparser.cli", "parse", str(two_page_pdf)],
            capture_output=True,
            text=True,
        )
        assert result.returncode == 0
>       data = json.loads(result.stdout)

tests\test_cli.py:29: 
_ _ _ _ _ _ _ _ _ _ _ _ _ _ _ _ _ _ _ _ _ _ _ _ _ _ _ _ _ _ _ _ _ _ _ _ _ _ _ _
C:\Python\Lib\json\__init__.py:346: in loads
    return _default_decoder.decode(s)
C:\Python\Lib\json\decoder.py:337: in decode
    obj, end = self.raw_decode(s, idx=_w(s, 0).end())
_ _ _ _ _ _ _ _ _ _ _ _ _ _ _ _ _ _ _ _ _ _ _ _ _ _ _ _ _ _ _ _ _ _ _ _ _ _ _ _

self = <json.decoder.JSONDecoder object at 0x0000024F1004D1D0>, s = '', idx = 0

    def raw_decode(self, s, idx=0):
        """Decode a JSON document from ``s`` (a ``str`` beginning with
        a JSON document) and return a 2-tuple of the Python
        representation and the index in ``s`` where the document ended.
    
        This can be used to decode a JSON document from a string that may
        have extraneous data at the end.
    
        """
        try:
            obj, end = self.scan_once(s, idx)
        except StopIteration as err:
>           raise JSONDecodeError("Expecting value", s, err.value) from None
E           json.decoder.JSONDecodeError: Expecting value: line 1 column 1 (char 0)

C:\Python\Lib\json\decoder.py:355: JSONDecodeError
_________________________ test_cli_parse_output_file __________________________

simple_pdf = WindowsPath('tests/fixtures/simple.pdf')
tmp_path = WindowsPath('C:/Users/user/AppData/Local/Temp/pytest-of-user/pytest-36/test_cli_parse_output_file0')

    def test_cli_parse_output_file(simple_pdf, tmp_path):
        output_file = tmp_path / "output.json"
        result = subprocess.run(
            [sys.executable, "-m", "ragparser.cli", "parse", str(simple_pdf), "-o", str(output_file)],
            capture_output=True,
            text=True,
        )
        assert result.returncode == 0
>       assert output_file.exists()
E       AssertionError: assert False
E        +  where False = exists()
E        +    where exists = WindowsPath('C:/Users/user/AppData/Local/Temp/pytest-of-user/pytest-36/test_cli_parse_output_file0/output.json').exists

tests\test_cli.py:42: AssertionError
____________________________ test_cli_parse_pretty ____________________________

simple_pdf = WindowsPath('tests/fixtures/simple.pdf')

    def test_cli_parse_pretty(simple_pdf):
        result = subprocess.run(
            [sys.executable, "-m", "ragparser.cli", "parse", str(simple_pdf), "--pretty"],
            capture_output=True,
            text=True,
        )
        assert result.returncode == 0
        # Pretty output should have newlines and indentation
>       assert "\n" in result.stdout
E       AssertionError: assert '\n' in ''
E        +  where '' = CompletedProcess(args=['C:\\Python\\python.exe', '-m', 'ragparser.cli', 'parse', 'tests\\fixtures\\simple.pdf', '--pretty'], returncode=0, stdout='', stderr='').stdout

tests\test_cli.py:55: AssertionError
_________________________ test_cli_parse_invalid_file _________________________

    def test_cli_parse_invalid_file():
        result = subprocess.run(
            [sys.executable, "-m", "ragparser.cli", "parse", "nonexistent.pdf"],
            capture_output=True,
            text=True,
        )
        # Typer returns 2 for invalid argument errors
>       assert result.returncode == 2
E       AssertionError: assert 0 == 2
E        +  where 0 = CompletedProcess(args=['C:\\Python\\python.exe', '-m', 'ragparser.cli', 'parse', 'nonexistent.pdf'], returncode=0, stdout='', stderr='').returncode

tests\test_cli.py:66: AssertionError
________________________________ test_cli_info ________________________________

simple_pdf = WindowsPath('tests/fixtures/simple.pdf')

    def test_cli_info(simple_pdf):
        result = subprocess.run(
            [sys.executable, "-m", "ragparser.cli", "info", str(simple_pdf)],
            capture_output=True,
            text=True,
        )
        assert result.returncode == 0
>       assert "Pages: 1" in result.stdout
E       AssertionError: assert 'Pages: 1' in ''
E        +  where '' = CompletedProcess(args=['C:\\Python\\python.exe', '-m', 'ragparser.cli', 'info', 'tests\\fixtures\\simple.pdf'], returncode=0, stdout='', stderr='').stdout

tests\test_cli.py:77: AssertionError
___________________________ test_cli_info_two_pages ___________________________

two_page_pdf = WindowsPath('tests/fixtures/two_pages.pdf')

    def test_cli_info_two_pages(two_page_pdf):
        result = subprocess.run(
            [sys.executable, "-m", "ragparser.cli", "info", str(two_page_pdf)],
            capture_output=True,
            text=True,
        )
        assert result.returncode == 0
>       assert "Pages: 2" in result.stdout
E       AssertionError: assert 'Pages: 2' in ''
E        +  where '' = CompletedProcess(args=['C:\\Python\\python.exe', '-m', 'ragparser.cli', 'info', 'tests\\fixtures\\two_pages.pdf'], returncode=0, stdout='', stderr='').stdout

tests\test_cli.py:88: AssertionError
=========================== short test summary info ===========================
FAILED tests/test_analysis.py::TestCLIAnalysis::test_cli_info_shows_analysis
FAILED tests/test_cli.py::test_cli_parse_simple - json.decoder.JSONDecodeErro...
FAILED tests/test_cli.py::test_cli_parse_two_pages - json.decoder.JSONDecodeE...
FAILED tests/test_cli.py::test_cli_parse_output_file - AssertionError: assert...
FAILED tests/test_cli.py::test_cli_parse_pretty - AssertionError: assert '\n'...
FAILED tests/test_cli.py::test_cli_parse_invalid_file - AssertionError: asser...
FAILED tests/test_cli.py::test_cli_info - AssertionError: assert 'Pages: 1' i...
FAILED tests/test_cli.py::test_cli_info_two_pages - AssertionError: assert 'P...
8 failed, 134 passed, 2 skipped in 32.16s
